<?xml version="1.0"?>
<link_info>
   <banner>TI ARM Linker PC v15.12.0.LTS</banner>
   <copyright>Copyright (c) 1996-2015 Texas Instruments Incorporated</copyright>
   <link_time>0x56cdd3c1</link_time>
   <link_errors>0x0</link_errors>
   <output_file>Lab7_PTX.out</output_file>
   <entry_point>
      <name>_c_int00</name>
      <address>0x23e9</address>
   </entry_point>
   <input_file_list>
      <input_file id="fl-2">
         <path>.\</path>
         <kind>object</kind>
         <file>main.obj</file>
         <name>main.obj</name>
      </input_file>
      <input_file id="fl-3">
         <path>.\</path>
         <kind>object</kind>
         <file>msp430_spi.obj</file>
         <name>msp430_spi.obj</name>
      </input_file>
      <input_file id="fl-4">
         <path>.\</path>
         <kind>object</kind>
         <file>msp432_startup_ccs.obj</file>
         <name>msp432_startup_ccs.obj</name>
      </input_file>
      <input_file id="fl-5">
         <path>.\</path>
         <kind>object</kind>
         <file>msprf24.obj</file>
         <name>msprf24.obj</name>
      </input_file>
      <input_file id="fl-6">
         <path>.\driverlib\MSP432P4xx\</path>
         <kind>object</kind>
         <file>adc14.obj</file>
         <name>adc14.obj</name>
      </input_file>
      <input_file id="fl-7">
         <path>.\driverlib\MSP432P4xx\</path>
         <kind>object</kind>
         <file>aes256.obj</file>
         <name>aes256.obj</name>
      </input_file>
      <input_file id="fl-8">
         <path>.\driverlib\MSP432P4xx\</path>
         <kind>object</kind>
         <file>comp_e.obj</file>
         <name>comp_e.obj</name>
      </input_file>
      <input_file id="fl-9">
         <path>.\driverlib\MSP432P4xx\</path>
         <kind>object</kind>
         <file>cpu.obj</file>
         <name>cpu.obj</name>
      </input_file>
      <input_file id="fl-a">
         <path>.\driverlib\MSP432P4xx\</path>
         <kind>object</kind>
         <file>crc32.obj</file>
         <name>crc32.obj</name>
      </input_file>
      <input_file id="fl-b">
         <path>.\driverlib\MSP432P4xx\</path>
         <kind>object</kind>
         <file>cs.obj</file>
         <name>cs.obj</name>
      </input_file>
      <input_file id="fl-c">
         <path>.\driverlib\MSP432P4xx\</path>
         <kind>object</kind>
         <file>dma.obj</file>
         <name>dma.obj</name>
      </input_file>
      <input_file id="fl-d">
         <path>.\driverlib\MSP432P4xx\</path>
         <kind>object</kind>
         <file>flash.obj</file>
         <name>flash.obj</name>
      </input_file>
      <input_file id="fl-e">
         <path>.\driverlib\MSP432P4xx\</path>
         <kind>object</kind>
         <file>fpu.obj</file>
         <name>fpu.obj</name>
      </input_file>
      <input_file id="fl-f">
         <path>.\driverlib\MSP432P4xx\</path>
         <kind>object</kind>
         <file>gpio.obj</file>
         <name>gpio.obj</name>
      </input_file>
      <input_file id="fl-10">
         <path>.\driverlib\MSP432P4xx\</path>
         <kind>object</kind>
         <file>i2c.obj</file>
         <name>i2c.obj</name>
      </input_file>
      <input_file id="fl-11">
         <path>.\driverlib\MSP432P4xx\</path>
         <kind>object</kind>
         <file>interrupt.obj</file>
         <name>interrupt.obj</name>
      </input_file>
      <input_file id="fl-12">
         <path>.\driverlib\MSP432P4xx\</path>
         <kind>object</kind>
         <file>mpu.obj</file>
         <name>mpu.obj</name>
      </input_file>
      <input_file id="fl-13">
         <path>.\driverlib\MSP432P4xx\</path>
         <kind>object</kind>
         <file>pcm.obj</file>
         <name>pcm.obj</name>
      </input_file>
      <input_file id="fl-14">
         <path>.\driverlib\MSP432P4xx\</path>
         <kind>object</kind>
         <file>pmap.obj</file>
         <name>pmap.obj</name>
      </input_file>
      <input_file id="fl-15">
         <path>.\driverlib\MSP432P4xx\</path>
         <kind>object</kind>
         <file>pss.obj</file>
         <name>pss.obj</name>
      </input_file>
      <input_file id="fl-16">
         <path>.\driverlib\MSP432P4xx\</path>
         <kind>object</kind>
         <file>ref_a.obj</file>
         <name>ref_a.obj</name>
      </input_file>
      <input_file id="fl-17">
         <path>.\driverlib\MSP432P4xx\</path>
         <kind>object</kind>
         <file>reset.obj</file>
         <name>reset.obj</name>
      </input_file>
      <input_file id="fl-18">
         <path>.\driverlib\MSP432P4xx\</path>
         <kind>object</kind>
         <file>rtc_c.obj</file>
         <name>rtc_c.obj</name>
      </input_file>
      <input_file id="fl-19">
         <path>.\driverlib\MSP432P4xx\</path>
         <kind>object</kind>
         <file>spi.obj</file>
         <name>spi.obj</name>
      </input_file>
      <input_file id="fl-1a">
         <path>.\driverlib\MSP432P4xx\</path>
         <kind>object</kind>
         <file>sysctl.obj</file>
         <name>sysctl.obj</name>
      </input_file>
      <input_file id="fl-1b">
         <path>.\driverlib\MSP432P4xx\</path>
         <kind>object</kind>
         <file>systick.obj</file>
         <name>systick.obj</name>
      </input_file>
      <input_file id="fl-1c">
         <path>.\driverlib\MSP432P4xx\</path>
         <kind>object</kind>
         <file>timer32.obj</file>
         <name>timer32.obj</name>
      </input_file>
      <input_file id="fl-1d">
         <path>.\driverlib\MSP432P4xx\</path>
         <kind>object</kind>
         <file>timer_a.obj</file>
         <name>timer_a.obj</name>
      </input_file>
      <input_file id="fl-1e">
         <path>.\driverlib\MSP432P4xx\</path>
         <kind>object</kind>
         <file>uart.obj</file>
         <name>uart.obj</name>
      </input_file>
      <input_file id="fl-1f">
         <path>.\driverlib\MSP432P4xx\</path>
         <kind>object</kind>
         <file>wdt_a.obj</file>
         <name>wdt_a.obj</name>
      </input_file>
      <input_file id="fl-d9">
         <path>C:\ti\ccsv6\tools\compiler\ti-cgt-arm_15.12.0.LTS\lib\</path>
         <kind>archive</kind>
         <file>rtsv7M4_T_le_v4SPD16_eabi.lib</file>
         <name>boot.obj</name>
      </input_file>
      <input_file id="fl-da">
         <path>C:\ti\ccsv6\tools\compiler\ti-cgt-arm_15.12.0.LTS\lib\</path>
         <kind>archive</kind>
         <file>rtsv7M4_T_le_v4SPD16_eabi.lib</file>
         <name>copy_decompress_none.obj</name>
      </input_file>
      <input_file id="fl-db">
         <path>C:\ti\ccsv6\tools\compiler\ti-cgt-arm_15.12.0.LTS\lib\</path>
         <kind>archive</kind>
         <file>rtsv7M4_T_le_v4SPD16_eabi.lib</file>
         <name>copy_decompress_rle.obj</name>
      </input_file>
      <input_file id="fl-dc">
         <path>C:\ti\ccsv6\tools\compiler\ti-cgt-arm_15.12.0.LTS\lib\</path>
         <kind>archive</kind>
         <file>rtsv7M4_T_le_v4SPD16_eabi.lib</file>
         <name>copy_zero_init.obj</name>
      </input_file>
      <input_file id="fl-dd">
         <path>C:\ti\ccsv6\tools\compiler\ti-cgt-arm_15.12.0.LTS\lib\</path>
         <kind>archive</kind>
         <file>rtsv7M4_T_le_v4SPD16_eabi.lib</file>
         <name>exit.obj</name>
      </input_file>
      <input_file id="fl-de">
         <path>C:\ti\ccsv6\tools\compiler\ti-cgt-arm_15.12.0.LTS\lib\</path>
         <kind>archive</kind>
         <file>rtsv7M4_T_le_v4SPD16_eabi.lib</file>
         <name>memcpy_t2.obj</name>
      </input_file>
      <input_file id="fl-df">
         <path>C:\ti\ccsv6\tools\compiler\ti-cgt-arm_15.12.0.LTS\lib\</path>
         <kind>archive</kind>
         <file>rtsv7M4_T_le_v4SPD16_eabi.lib</file>
         <name>memset_t2.obj</name>
      </input_file>
      <input_file id="fl-e0">
         <path>C:\ti\ccsv6\tools\compiler\ti-cgt-arm_15.12.0.LTS\lib\</path>
         <kind>archive</kind>
         <file>rtsv7M4_T_le_v4SPD16_eabi.lib</file>
         <name>mpu_init.obj</name>
      </input_file>
      <input_file id="fl-e1">
         <path>C:\ti\ccsv6\tools\compiler\ti-cgt-arm_15.12.0.LTS\lib\</path>
         <kind>archive</kind>
         <file>rtsv7M4_T_le_v4SPD16_eabi.lib</file>
         <name>pre_init.obj</name>
      </input_file>
      <input_file id="fl-e2">
         <path>C:\ti\ccsv6\tools\compiler\ti-cgt-arm_15.12.0.LTS\lib\</path>
         <kind>archive</kind>
         <file>rtsv7M4_T_le_v4SPD16_eabi.lib</file>
         <name>stkdepth_vars.obj</name>
      </input_file>
      <input_file id="fl-e3">
         <path>C:\ti\ccsv6\tools\compiler\ti-cgt-arm_15.12.0.LTS\lib\</path>
         <kind>archive</kind>
         <file>rtsv7M4_T_le_v4SPD16_eabi.lib</file>
         <name>strlen.obj</name>
      </input_file>
      <input_file id="fl-e4">
         <path>C:\ti\ccsv6\tools\compiler\ti-cgt-arm_15.12.0.LTS\lib\</path>
         <kind>archive</kind>
         <file>rtsv7M4_T_le_v4SPD16_eabi.lib</file>
         <name>_lock.obj</name>
      </input_file>
      <input_file id="fl-e5">
         <path>C:\ti\ccsv6\tools\compiler\ti-cgt-arm_15.12.0.LTS\lib\</path>
         <kind>archive</kind>
         <file>rtsv7M4_T_le_v4SPD16_eabi.lib</file>
         <name>args_main.obj</name>
      </input_file>
      <input_file id="fl-e6">
         <path>C:\ti\ccsv6\tools\compiler\ti-cgt-arm_15.12.0.LTS\lib\</path>
         <kind>archive</kind>
         <file>rtsv7M4_T_le_v4SPD16_eabi.lib</file>
         <name>autoinit.obj</name>
      </input_file>
      <input_file id="fl-e7">
         <path>C:\ti\ccsv6\tools\compiler\ti-cgt-arm_15.12.0.LTS\lib\</path>
         <kind>archive</kind>
         <file>rtsv7M4_T_le_v4SPD16_eabi.lib</file>
         <name>cpy_tbl.obj</name>
      </input_file>
      <input_file id="fl-e8">
         <path>C:\ti\ccsv6\tools\compiler\ti-cgt-arm_15.12.0.LTS\lib\</path>
         <kind>archive</kind>
         <file>rtsv7M4_T_le_v4SPD16_eabi.lib</file>
         <name>startup.obj</name>
      </input_file>
   </input_file_list>
   <object_component_list>
      <object_component id="oc-28">
         <name>.intvecs:retain</name>
         <load_address>0x0</load_address>
         <run_address>0x0</run_address>
         <size>0x140</size>
         <input_file_ref idref="fl-4"/>
      </object_component>
      <object_component id="oc-b8">
         <name>.text</name>
         <load_address>0x140</load_address>
         <run_address>0x140</run_address>
         <size>0xc14</size>
         <input_file_ref idref="fl-5"/>
      </object_component>
      <object_component id="oc-149">
         <name>.text</name>
         <load_address>0xd54</load_address>
         <run_address>0xd54</run_address>
         <size>0x890</size>
         <input_file_ref idref="fl-19"/>
      </object_component>
      <object_component id="oc-be">
         <name>.text</name>
         <load_address>0x15e4</load_address>
         <run_address>0x15e4</run_address>
         <size>0x488</size>
         <input_file_ref idref="fl-f"/>
      </object_component>
      <object_component id="oc-10e">
         <name>.text</name>
         <load_address>0x1a6c</load_address>
         <run_address>0x1a6c</run_address>
         <size>0x3f0</size>
         <input_file_ref idref="fl-11"/>
      </object_component>
      <object_component id="oc-79">
         <name>.text</name>
         <load_address>0x1e5c</load_address>
         <run_address>0x1e5c</run_address>
         <size>0x1e8</size>
         <input_file_ref idref="fl-2"/>
      </object_component>
      <object_component id="oc-106">
         <name>.text</name>
         <load_address>0x2044</load_address>
         <run_address>0x2044</run_address>
         <size>0x1b0</size>
         <input_file_ref idref="fl-3"/>
      </object_component>
      <object_component id="oc-2c">
         <name>.text</name>
         <load_address>0x21f4</load_address>
         <run_address>0x21f4</run_address>
         <size>0x9c</size>
         <input_file_ref idref="fl-de"/>
      </object_component>
      <object_component id="oc-45">
         <name>.text</name>
         <load_address>0x2290</load_address>
         <run_address>0x2290</run_address>
         <size>0x7a</size>
         <input_file_ref idref="fl-df"/>
      </object_component>
      <object_component id="oc-51">
         <name>.text</name>
         <load_address>0x230a</load_address>
         <run_address>0x230a</run_address>
         <size>0x2</size>
         <input_file_ref idref="fl-e0"/>
      </object_component>
      <object_component id="oc-5d">
         <name>.text</name>
         <load_address>0x230c</load_address>
         <run_address>0x230c</run_address>
         <size>0x70</size>
         <input_file_ref idref="fl-e6"/>
      </object_component>
      <object_component id="oc-38">
         <name>.text</name>
         <load_address>0x237c</load_address>
         <run_address>0x237c</run_address>
         <size>0x6a</size>
         <input_file_ref idref="fl-db"/>
      </object_component>
      <object_component id="oc-a2">
         <name>.text</name>
         <load_address>0x23e6</load_address>
         <run_address>0x23e6</run_address>
         <size>0x2</size>
         <input_file_ref idref="fl-e8"/>
      </object_component>
      <object_component id="oc-22">
         <name>.text</name>
         <load_address>0x23e8</load_address>
         <run_address>0x23e8</run_address>
         <size>0x54</size>
         <input_file_ref idref="fl-d9"/>
      </object_component>
      <object_component id="oc-69">
         <name>.text</name>
         <load_address>0x243c</load_address>
         <run_address>0x243c</run_address>
         <size>0x54</size>
         <input_file_ref idref="fl-dd"/>
      </object_component>
      <object_component id="oc-9c">
         <name>.text</name>
         <load_address>0x2490</load_address>
         <run_address>0x2490</run_address>
         <size>0x4c</size>
         <input_file_ref idref="fl-e7"/>
      </object_component>
      <object_component id="oc-154">
         <name>.text</name>
         <load_address>0x24dc</load_address>
         <run_address>0x24dc</run_address>
         <size>0x3e</size>
         <input_file_ref idref="fl-9"/>
      </object_component>
      <object_component id="oc-122">
         <name>.text:pulse_ce</name>
         <load_address>0x251c</load_address>
         <run_address>0x251c</run_address>
         <size>0x28</size>
         <input_file_ref idref="fl-5"/>
      </object_component>
      <object_component id="oc-63">
         <name>.text</name>
         <load_address>0x2544</load_address>
         <run_address>0x2544</run_address>
         <size>0x18</size>
         <input_file_ref idref="fl-e5"/>
      </object_component>
      <object_component id="oc-fa">
         <name>.text</name>
         <load_address>0x255c</load_address>
         <run_address>0x255c</run_address>
         <size>0x14</size>
         <input_file_ref idref="fl-e4"/>
      </object_component>
      <object_component id="oc-c4">
         <name>.text</name>
         <load_address>0x2570</load_address>
         <run_address>0x2570</run_address>
         <size>0x14</size>
         <input_file_ref idref="fl-e3"/>
      </object_component>
      <object_component id="oc-114">
         <name>.text:_msprf24_crc_mask</name>
         <load_address>0x2584</load_address>
         <run_address>0x2584</run_address>
         <size>0x10</size>
         <input_file_ref idref="fl-5"/>
      </object_component>
      <object_component id="oc-10">
         <name>.text:decompress:none</name>
         <load_address>0x2594</load_address>
         <run_address>0x2594</run_address>
         <size>0xe</size>
         <input_file_ref idref="fl-da"/>
      </object_component>
      <object_component id="oc-73">
         <name>.text</name>
         <load_address>0x25a2</load_address>
         <run_address>0x25a2</run_address>
         <size>0xc</size>
         <input_file_ref idref="fl-4"/>
      </object_component>
      <object_component id="oc-16">
         <name>.text:decompress:rle24</name>
         <load_address>0x25ae</load_address>
         <run_address>0x25ae</run_address>
         <size>0x6</size>
         <input_file_ref idref="fl-db"/>
      </object_component>
      <object_component id="oc-11b">
         <name>.text:_msprf24_irq_mask</name>
         <load_address>0x25b4</load_address>
         <run_address>0x25b4</run_address>
         <size>0x4</size>
         <input_file_ref idref="fl-5"/>
      </object_component>
      <object_component id="oc-57">
         <name>.text</name>
         <load_address>0x25b8</load_address>
         <run_address>0x25b8</run_address>
         <size>0x4</size>
         <input_file_ref idref="fl-e1"/>
      </object_component>
      <object_component id="oc-160">
         <name>.const:g_pulRegs</name>
         <load_address>0x25bc</load_address>
         <run_address>0x25bc</run_address>
         <size>0x50</size>
         <input_file_ref idref="fl-11"/>
      </object_component>
      <object_component id="oc-12a">
         <name>.const:GPIO_PORT_TO_BASE</name>
         <load_address>0x260c</load_address>
         <run_address>0x260c</run_address>
         <size>0x30</size>
         <input_file_ref idref="fl-f"/>
      </object_component>
      <object_component id="oc-15d">
         <name>.const:g_pulPriority</name>
         <load_address>0x263c</load_address>
         <run_address>0x263c</run_address>
         <size>0x20</size>
         <input_file_ref idref="fl-11"/>
      </object_component>
      <object_component id="oc-12d">
         <name>.const:GPIO_PORT_TO_INT</name>
         <load_address>0x265c</load_address>
         <run_address>0x265c</run_address>
         <size>0x1c</size>
         <input_file_ref idref="fl-f"/>
      </object_component>
      <object_component id="oc-14f">
         <name>.const:spiMasterConfig</name>
         <load_address>0x2678</load_address>
         <run_address>0x2678</run_address>
         <size>0x1c</size>
         <input_file_ref idref="fl-3"/>
      </object_component>
      <object_component id="oc-166">
         <name>.const:g_pulDisRegs</name>
         <load_address>0x2694</load_address>
         <run_address>0x2694</run_address>
         <size>0x8</size>
         <input_file_ref idref="fl-11"/>
      </object_component>
      <object_component id="oc-163">
         <name>.const:g_pulEnRegs</name>
         <load_address>0x269c</load_address>
         <run_address>0x269c</run_address>
         <size>0x8</size>
         <input_file_ref idref="fl-11"/>
      </object_component>
      <object_component id="oc-169">
         <name>.const:g_pulPendRegs</name>
         <load_address>0x26a4</load_address>
         <run_address>0x26a4</run_address>
         <size>0x8</size>
         <input_file_ref idref="fl-11"/>
      </object_component>
      <object_component id="oc-16c">
         <name>.const:g_pulUnpendRegs</name>
         <load_address>0x26ac</load_address>
         <run_address>0x26ac</run_address>
         <size>0x8</size>
         <input_file_ref idref="fl-11"/>
      </object_component>
      <object_component id="oc-1ba">
         <name>.cinit..data.load</name>
         <load_address>0x26b8</load_address>
         <run_address>0x26b8</run_address>
         <size>0x16</size>
      </object_component>
      <object_component id="oc-1bb">
         <name>.cinit..bss.load</name>
         <load_address>0x26d0</load_address>
         <run_address>0x26d0</run_address>
         <size>0x9</size>
      </object_component>
      <object_component id="oc-1b9">
         <name>.cinit..vtable.load</name>
         <load_address>0x26e0</load_address>
         <run_address>0x26e0</run_address>
         <size>0x9</size>
      </object_component>
      <object_component id="oc-1b7">
         <name>__TI_handler_table</name>
         <load_address>0x26ec</load_address>
         <run_address>0x26ec</run_address>
         <size>0x8</size>
      </object_component>
      <object_component id="oc-1b8">
         <name>__TI_cinit_table</name>
         <load_address>0x26f4</load_address>
         <run_address>0x26f4</run_address>
         <size>0x18</size>
      </object_component>
      <object_component id="oc-15a">
         <name>.vtable</name>
         <uninitialized>true</uninitialized>
         <run_address>0x20000000</run_address>
         <size>0xe4</size>
         <input_file_ref idref="fl-11"/>
      </object_component>
      <object_component id="oc-d1">
         <name>.data</name>
         <load_address>0x200000fc</load_address>
         <run_address>0x200000fc</run_address>
         <size>0x1</size>
         <input_file_ref idref="fl-2"/>
      </object_component>
      <object_component id="oc-ac">
         <name>.data:$O1$$</name>
         <load_address>0x200000e4</load_address>
         <run_address>0x200000e4</run_address>
         <size>0xc</size>
         <input_file_ref idref="fl-dd"/>
      </object_component>
      <object_component id="oc-6f">
         <name>.data</name>
         <load_address>0x200000f8</load_address>
         <run_address>0x200000f8</run_address>
         <size>0x4</size>
         <input_file_ref idref="fl-e2"/>
      </object_component>
      <object_component id="oc-af">
         <name>.data:$O1$$</name>
         <load_address>0x200000f0</load_address>
         <run_address>0x200000f0</run_address>
         <size>0x8</size>
         <input_file_ref idref="fl-e4"/>
      </object_component>
      <object_component id="oc-10d">
         <name>.common:rf_feature</name>
         <uninitialized>true</uninitialized>
         <run_address>0x20000100</run_address>
         <size>0x1</size>
      </object_component>
      <object_component id="oc-ca">
         <name>.common:rf_crc</name>
         <uninitialized>true</uninitialized>
         <run_address>0x200000ff</run_address>
         <size>0x1</size>
      </object_component>
      <object_component id="oc-cd">
         <name>.common:rf_addr_width</name>
         <uninitialized>true</uninitialized>
         <run_address>0x200000fd</run_address>
         <size>0x1</size>
      </object_component>
      <object_component id="oc-ce">
         <name>.common:rf_speed_power</name>
         <uninitialized>true</uninitialized>
         <run_address>0x20000102</run_address>
         <size>0x1</size>
      </object_component>
      <object_component id="oc-cf">
         <name>.common:rf_channel</name>
         <uninitialized>true</uninitialized>
         <run_address>0x200000fe</run_address>
         <size>0x1</size>
      </object_component>
      <object_component id="oc-10c">
         <name>.common:rf_status</name>
         <uninitialized>true</uninitialized>
         <run_address>0x20000103</run_address>
         <size>0x1</size>
      </object_component>
      <object_component id="oc-d0">
         <name>.common:rf_irq</name>
         <uninitialized>true</uninitialized>
         <run_address>0x20000101</run_address>
         <size>0x1</size>
      </object_component>
      <object_component id="oc-2b">
         <name>.stack</name>
         <uninitialized>true</uninitialized>
         <run_address>0x2000fe00</run_address>
         <size>0x0</size>
         <input_file_ref idref="fl-d9"/>
      </object_component>
      <object_component id="oc-1bc">
         <name>.stack</name>
         <uninitialized>true</uninitialized>
         <run_address>0x2000fe00</run_address>
         <size>0x0</size>
      </object_component>
      <object_component id="oc-da">
         <name>.debug_info</name>
         <load_address>0x0</load_address>
         <run_address>0x0</run_address>
         <size>0x832</size>
         <input_file_ref idref="fl-2"/>
      </object_component>
      <object_component id="oc-d2">
         <name>.debug_info</name>
         <load_address>0x832</load_address>
         <run_address>0x832</run_address>
         <size>0xc1</size>
         <input_file_ref idref="fl-2"/>
      </object_component>
      <object_component id="oc-7a">
         <name>.debug_info</name>
         <load_address>0x8f3</load_address>
         <run_address>0x8f3</run_address>
         <size>0x53f</size>
         <input_file_ref idref="fl-2"/>
      </object_component>
      <object_component id="oc-136">
         <name>.debug_info</name>
         <load_address>0xe32</load_address>
         <run_address>0xe32</run_address>
         <size>0x103e</size>
         <input_file_ref idref="fl-2"/>
      </object_component>
      <object_component id="oc-d5">
         <name>.debug_info</name>
         <load_address>0x1e70</load_address>
         <run_address>0x1e70</run_address>
         <size>0x8b</size>
         <input_file_ref idref="fl-2"/>
      </object_component>
      <object_component id="oc-db">
         <name>.debug_info</name>
         <load_address>0x1efb</load_address>
         <run_address>0x1efb</run_address>
         <size>0x18b</size>
         <input_file_ref idref="fl-2"/>
      </object_component>
      <object_component id="oc-92">
         <name>.debug_info</name>
         <load_address>0x2086</load_address>
         <run_address>0x2086</run_address>
         <size>0x2c</size>
         <input_file_ref idref="fl-2"/>
      </object_component>
      <object_component id="oc-17f">
         <name>.debug_info</name>
         <load_address>0x20b2</load_address>
         <run_address>0x20b2</run_address>
         <size>0x131</size>
         <input_file_ref idref="fl-2"/>
      </object_component>
      <object_component id="oc-153">
         <name>.debug_info</name>
         <load_address>0x21e3</load_address>
         <run_address>0x21e3</run_address>
         <size>0x454</size>
         <input_file_ref idref="fl-3"/>
      </object_component>
      <object_component id="oc-150">
         <name>.debug_info</name>
         <load_address>0x2637</load_address>
         <run_address>0x2637</run_address>
         <size>0xdd</size>
         <input_file_ref idref="fl-3"/>
      </object_component>
      <object_component id="oc-107">
         <name>.debug_info</name>
         <load_address>0x2714</load_address>
         <run_address>0x2714</run_address>
         <size>0x3c4</size>
         <input_file_ref idref="fl-3"/>
      </object_component>
      <object_component id="oc-81">
         <name>.debug_info</name>
         <load_address>0x2ad8</load_address>
         <run_address>0x2ad8</run_address>
         <size>0x12a</size>
         <input_file_ref idref="fl-4"/>
      </object_component>
      <object_component id="oc-29">
         <name>.debug_info</name>
         <load_address>0x2c02</load_address>
         <run_address>0x2c02</run_address>
         <size>0xe7</size>
         <input_file_ref idref="fl-4"/>
      </object_component>
      <object_component id="oc-77">
         <name>.debug_info</name>
         <load_address>0x2ce9</load_address>
         <run_address>0x2ce9</run_address>
         <size>0x215</size>
         <input_file_ref idref="fl-4"/>
      </object_component>
      <object_component id="oc-8a">
         <name>.debug_info</name>
         <load_address>0x2efe</load_address>
         <run_address>0x2efe</run_address>
         <size>0x84</size>
         <input_file_ref idref="fl-4"/>
      </object_component>
      <object_component id="oc-cb">
         <name>.debug_info</name>
         <load_address>0x2f82</load_address>
         <run_address>0x2f82</run_address>
         <size>0x4c8</size>
         <input_file_ref idref="fl-5"/>
      </object_component>
      <object_component id="oc-123">
         <name>.debug_info</name>
         <load_address>0x344a</load_address>
         <run_address>0x344a</run_address>
         <size>0xfc</size>
         <input_file_ref idref="fl-5"/>
      </object_component>
      <object_component id="oc-115">
         <name>.debug_info</name>
         <load_address>0x3546</load_address>
         <run_address>0x3546</run_address>
         <size>0x115</size>
         <input_file_ref idref="fl-5"/>
      </object_component>
      <object_component id="oc-11c">
         <name>.debug_info</name>
         <load_address>0x365b</load_address>
         <run_address>0x365b</run_address>
         <size>0x115</size>
         <input_file_ref idref="fl-5"/>
      </object_component>
      <object_component id="oc-b9">
         <name>.debug_info</name>
         <load_address>0x3770</load_address>
         <run_address>0x3770</run_address>
         <size>0x1bfe</size>
         <input_file_ref idref="fl-5"/>
      </object_component>
      <object_component id="oc-158">
         <name>.debug_info</name>
         <load_address>0x536e</load_address>
         <run_address>0x536e</run_address>
         <size>0x3bb</size>
         <input_file_ref idref="fl-9"/>
      </object_component>
      <object_component id="oc-131">
         <name>.debug_info</name>
         <load_address>0x5729</load_address>
         <run_address>0x5729</run_address>
         <size>0x444</size>
         <input_file_ref idref="fl-f"/>
      </object_component>
      <object_component id="oc-12e">
         <name>.debug_info</name>
         <load_address>0x5b6d</load_address>
         <run_address>0x5b6d</run_address>
         <size>0xed</size>
         <input_file_ref idref="fl-f"/>
      </object_component>
      <object_component id="oc-12b">
         <name>.debug_info</name>
         <load_address>0x5c5a</load_address>
         <run_address>0x5c5a</run_address>
         <size>0xef</size>
         <input_file_ref idref="fl-f"/>
      </object_component>
      <object_component id="oc-bf">
         <name>.debug_info</name>
         <load_address>0x5d49</load_address>
         <run_address>0x5d49</run_address>
         <size>0x19eb</size>
         <input_file_ref idref="fl-f"/>
      </object_component>
      <object_component id="oc-170">
         <name>.debug_info</name>
         <load_address>0x7734</load_address>
         <run_address>0x7734</run_address>
         <size>0x3d2</size>
         <input_file_ref idref="fl-11"/>
      </object_component>
      <object_component id="oc-15e">
         <name>.debug_info</name>
         <load_address>0x7b06</load_address>
         <run_address>0x7b06</run_address>
         <size>0xec</size>
         <input_file_ref idref="fl-11"/>
      </object_component>
      <object_component id="oc-161">
         <name>.debug_info</name>
         <load_address>0x7bf2</load_address>
         <run_address>0x7bf2</run_address>
         <size>0xe4</size>
         <input_file_ref idref="fl-11"/>
      </object_component>
      <object_component id="oc-164">
         <name>.debug_info</name>
         <load_address>0x7cd6</load_address>
         <run_address>0x7cd6</run_address>
         <size>0xe8</size>
         <input_file_ref idref="fl-11"/>
      </object_component>
      <object_component id="oc-167">
         <name>.debug_info</name>
         <load_address>0x7dbe</load_address>
         <run_address>0x7dbe</run_address>
         <size>0xea</size>
         <input_file_ref idref="fl-11"/>
      </object_component>
      <object_component id="oc-16a">
         <name>.debug_info</name>
         <load_address>0x7ea8</load_address>
         <run_address>0x7ea8</run_address>
         <size>0xec</size>
         <input_file_ref idref="fl-11"/>
      </object_component>
      <object_component id="oc-16d">
         <name>.debug_info</name>
         <load_address>0x7f94</load_address>
         <run_address>0x7f94</run_address>
         <size>0xf0</size>
         <input_file_ref idref="fl-11"/>
      </object_component>
      <object_component id="oc-15b">
         <name>.debug_info</name>
         <load_address>0x8084</load_address>
         <run_address>0x8084</run_address>
         <size>0xf1</size>
         <input_file_ref idref="fl-11"/>
      </object_component>
      <object_component id="oc-111">
         <name>.debug_info</name>
         <load_address>0x8175</load_address>
         <run_address>0x8175</run_address>
         <size>0x1194</size>
         <input_file_ref idref="fl-11"/>
      </object_component>
      <object_component id="oc-17a">
         <name>.debug_info</name>
         <load_address>0x9309</load_address>
         <run_address>0x9309</run_address>
         <size>0x438</size>
         <input_file_ref idref="fl-19"/>
      </object_component>
      <object_component id="oc-14b">
         <name>.debug_info</name>
         <load_address>0x9741</load_address>
         <run_address>0x9741</run_address>
         <size>0x3d5c</size>
         <input_file_ref idref="fl-19"/>
      </object_component>
      <object_component id="oc-25">
         <name>.debug_info</name>
         <load_address>0xd49d</load_address>
         <run_address>0xd49d</run_address>
         <size>0x17c</size>
         <input_file_ref idref="fl-d9"/>
      </object_component>
      <object_component id="oc-37">
         <name>.debug_info</name>
         <load_address>0xd619</load_address>
         <run_address>0xd619</run_address>
         <size>0x15c</size>
         <input_file_ref idref="fl-da"/>
      </object_component>
      <object_component id="oc-11">
         <name>.debug_info</name>
         <load_address>0xd775</load_address>
         <run_address>0xd775</run_address>
         <size>0x1fb</size>
         <input_file_ref idref="fl-da"/>
      </object_component>
      <object_component id="oc-32">
         <name>.debug_info</name>
         <load_address>0xd970</load_address>
         <run_address>0xd970</run_address>
         <size>0x46</size>
         <input_file_ref idref="fl-da"/>
      </object_component>
      <object_component id="oc-83">
         <name>.debug_info</name>
         <load_address>0xd9b6</load_address>
         <run_address>0xd9b6</run_address>
         <size>0x2c</size>
         <input_file_ref idref="fl-da"/>
      </object_component>
      <object_component id="oc-3f">
         <name>.debug_info</name>
         <load_address>0xd9e2</load_address>
         <run_address>0xd9e2</run_address>
         <size>0x150</size>
         <input_file_ref idref="fl-db"/>
      </object_component>
      <object_component id="oc-39">
         <name>.debug_info</name>
         <load_address>0xdb32</load_address>
         <run_address>0xdb32</run_address>
         <size>0x263</size>
         <input_file_ref idref="fl-db"/>
      </object_component>
      <object_component id="oc-18">
         <name>.debug_info</name>
         <load_address>0xdd95</load_address>
         <run_address>0xdd95</run_address>
         <size>0x1cd</size>
         <input_file_ref idref="fl-db"/>
      </object_component>
      <object_component id="oc-40">
         <name>.debug_info</name>
         <load_address>0xdf62</load_address>
         <run_address>0xdf62</run_address>
         <size>0x39</size>
         <input_file_ref idref="fl-db"/>
      </object_component>
      <object_component id="oc-b3">
         <name>.debug_info</name>
         <load_address>0xdf9b</load_address>
         <run_address>0xdf9b</run_address>
         <size>0x250</size>
         <input_file_ref idref="fl-dd"/>
      </object_component>
      <object_component id="oc-ad">
         <name>.debug_info</name>
         <load_address>0xe1eb</load_address>
         <run_address>0xe1eb</run_address>
         <size>0x1a1</size>
         <input_file_ref idref="fl-dd"/>
      </object_component>
      <object_component id="oc-6d">
         <name>.debug_info</name>
         <load_address>0xe38c</load_address>
         <run_address>0xe38c</run_address>
         <size>0x230</size>
         <input_file_ref idref="fl-dd"/>
      </object_component>
      <object_component id="oc-2d">
         <name>.debug_info</name>
         <load_address>0xe5bc</load_address>
         <run_address>0xe5bc</run_address>
         <size>0x12d</size>
         <input_file_ref idref="fl-de"/>
      </object_component>
      <object_component id="oc-46">
         <name>.debug_info</name>
         <load_address>0xe6e9</load_address>
         <run_address>0xe6e9</run_address>
         <size>0x15b</size>
         <input_file_ref idref="fl-df"/>
      </object_component>
      <object_component id="oc-52">
         <name>.debug_info</name>
         <load_address>0xe844</load_address>
         <run_address>0xe844</run_address>
         <size>0x154</size>
         <input_file_ref idref="fl-e0"/>
      </object_component>
      <object_component id="oc-58">
         <name>.debug_info</name>
         <load_address>0xe998</load_address>
         <run_address>0xe998</run_address>
         <size>0x164</size>
         <input_file_ref idref="fl-e1"/>
      </object_component>
      <object_component id="oc-70">
         <name>.debug_info</name>
         <load_address>0xeafc</load_address>
         <run_address>0xeafc</run_address>
         <size>0x125</size>
         <input_file_ref idref="fl-e2"/>
      </object_component>
      <object_component id="oc-133">
         <name>.debug_info</name>
         <load_address>0xec21</load_address>
         <run_address>0xec21</run_address>
         <size>0x106</size>
         <input_file_ref idref="fl-e3"/>
      </object_component>
      <object_component id="oc-c8">
         <name>.debug_info</name>
         <load_address>0xed27</load_address>
         <run_address>0xed27</run_address>
         <size>0x27c</size>
         <input_file_ref idref="fl-e3"/>
      </object_component>
      <object_component id="oc-102">
         <name>.debug_info</name>
         <load_address>0xefa3</load_address>
         <run_address>0xefa3</run_address>
         <size>0x140</size>
         <input_file_ref idref="fl-e4"/>
      </object_component>
      <object_component id="oc-b0">
         <name>.debug_info</name>
         <load_address>0xf0e3</load_address>
         <run_address>0xf0e3</run_address>
         <size>0x12f</size>
         <input_file_ref idref="fl-e4"/>
      </object_component>
      <object_component id="oc-fb">
         <name>.debug_info</name>
         <load_address>0xf212</load_address>
         <run_address>0xf212</run_address>
         <size>0x23b</size>
         <input_file_ref idref="fl-e4"/>
      </object_component>
      <object_component id="oc-ab">
         <name>.debug_info</name>
         <load_address>0xf44d</load_address>
         <run_address>0xf44d</run_address>
         <size>0x182</size>
         <input_file_ref idref="fl-e5"/>
      </object_component>
      <object_component id="oc-66">
         <name>.debug_info</name>
         <load_address>0xf5cf</load_address>
         <run_address>0xf5cf</run_address>
         <size>0x183</size>
         <input_file_ref idref="fl-e5"/>
      </object_component>
      <object_component id="oc-f3">
         <name>.debug_info</name>
         <load_address>0xf752</load_address>
         <run_address>0xf752</run_address>
         <size>0x5e</size>
         <input_file_ref idref="fl-e5"/>
      </object_component>
      <object_component id="oc-a9">
         <name>.debug_info</name>
         <load_address>0xf7b0</load_address>
         <run_address>0xf7b0</run_address>
         <size>0x305</size>
         <input_file_ref idref="fl-e6"/>
      </object_component>
      <object_component id="oc-5e">
         <name>.debug_info</name>
         <load_address>0xfab5</load_address>
         <run_address>0xfab5</run_address>
         <size>0x1ac</size>
         <input_file_ref idref="fl-e6"/>
      </object_component>
      <object_component id="oc-e7">
         <name>.debug_info</name>
         <load_address>0xfc61</load_address>
         <run_address>0xfc61</run_address>
         <size>0x39</size>
         <input_file_ref idref="fl-e6"/>
      </object_component>
      <object_component id="oc-ec">
         <name>.debug_info</name>
         <load_address>0xfc9a</load_address>
         <run_address>0xfc9a</run_address>
         <size>0xcd</size>
         <input_file_ref idref="fl-e6"/>
      </object_component>
      <object_component id="oc-e3">
         <name>.debug_info</name>
         <load_address>0xfd67</load_address>
         <run_address>0xfd67</run_address>
         <size>0x1fc</size>
         <input_file_ref idref="fl-e7"/>
      </object_component>
      <object_component id="oc-a0">
         <name>.debug_info</name>
         <load_address>0xff63</load_address>
         <run_address>0xff63</run_address>
         <size>0x19f</size>
         <input_file_ref idref="fl-e7"/>
      </object_component>
      <object_component id="oc-141">
         <name>.debug_info</name>
         <load_address>0x10102</load_address>
         <run_address>0x10102</run_address>
         <size>0x2c</size>
         <input_file_ref idref="fl-e7"/>
      </object_component>
      <object_component id="oc-a3">
         <name>.debug_info</name>
         <load_address>0x1012e</load_address>
         <run_address>0x1012e</run_address>
         <size>0x161</size>
         <input_file_ref idref="fl-e8"/>
      </object_component>
      <object_component id="oc-1bd">
         <name>.debug_info</name>
         <load_address>0x1028f</load_address>
         <run_address>0x1028f</run_address>
         <size>0x9b</size>
      </object_component>
      <object_component id="oc-13e">
         <name>.debug_line</name>
         <load_address>0x0</load_address>
         <run_address>0x0</run_address>
         <size>0xbb</size>
         <input_file_ref idref="fl-2"/>
      </object_component>
      <object_component id="oc-13c">
         <name>.debug_line</name>
         <load_address>0xbb</load_address>
         <run_address>0xbb</run_address>
         <size>0x2d</size>
         <input_file_ref idref="fl-2"/>
      </object_component>
      <object_component id="oc-7d">
         <name>.debug_line</name>
         <load_address>0xe8</load_address>
         <run_address>0xe8</run_address>
         <size>0xf4</size>
         <input_file_ref idref="fl-2"/>
      </object_component>
      <object_component id="oc-139">
         <name>.debug_line</name>
         <load_address>0x1dc</load_address>
         <run_address>0x1dc</run_address>
         <size>0x55</size>
         <input_file_ref idref="fl-2"/>
      </object_component>
      <object_component id="oc-d8">
         <name>.debug_line</name>
         <load_address>0x231</load_address>
         <run_address>0x231</run_address>
         <size>0x20</size>
         <input_file_ref idref="fl-2"/>
      </object_component>
      <object_component id="oc-de">
         <name>.debug_line</name>
         <load_address>0x251</load_address>
         <run_address>0x251</run_address>
         <size>0x66</size>
         <input_file_ref idref="fl-2"/>
      </object_component>
      <object_component id="oc-95">
         <name>.debug_line</name>
         <load_address>0x2b7</load_address>
         <run_address>0x2b7</run_address>
         <size>0x66</size>
         <input_file_ref idref="fl-2"/>
      </object_component>
      <object_component id="oc-182">
         <name>.debug_line</name>
         <load_address>0x31d</load_address>
         <run_address>0x31d</run_address>
         <size>0x64</size>
         <input_file_ref idref="fl-2"/>
      </object_component>
      <object_component id="oc-17e">
         <name>.debug_line</name>
         <load_address>0x381</load_address>
         <run_address>0x381</run_address>
         <size>0xa9</size>
         <input_file_ref idref="fl-3"/>
      </object_component>
      <object_component id="oc-17c">
         <name>.debug_line</name>
         <load_address>0x42a</load_address>
         <run_address>0x42a</run_address>
         <size>0x33</size>
         <input_file_ref idref="fl-3"/>
      </object_component>
      <object_component id="oc-10a">
         <name>.debug_line</name>
         <load_address>0x45d</load_address>
         <run_address>0x45d</run_address>
         <size>0xda</size>
         <input_file_ref idref="fl-3"/>
      </object_component>
      <object_component id="oc-e1">
         <name>.debug_line</name>
         <load_address>0x537</load_address>
         <run_address>0x537</run_address>
         <size>0x3b</size>
         <input_file_ref idref="fl-4"/>
      </object_component>
      <object_component id="oc-80">
         <name>.debug_line</name>
         <load_address>0x572</load_address>
         <run_address>0x572</run_address>
         <size>0x3b</size>
         <input_file_ref idref="fl-4"/>
      </object_component>
      <object_component id="oc-75">
         <name>.debug_line</name>
         <load_address>0x5ad</load_address>
         <run_address>0x5ad</run_address>
         <size>0x9b</size>
         <input_file_ref idref="fl-4"/>
      </object_component>
      <object_component id="oc-8d">
         <name>.debug_line</name>
         <load_address>0x648</load_address>
         <run_address>0x648</run_address>
         <size>0x20</size>
         <input_file_ref idref="fl-4"/>
      </object_component>
      <object_component id="oc-135">
         <name>.debug_line</name>
         <load_address>0x668</load_address>
         <run_address>0x668</run_address>
         <size>0x40</size>
         <input_file_ref idref="fl-5"/>
      </object_component>
      <object_component id="oc-126">
         <name>.debug_line</name>
         <load_address>0x6a8</load_address>
         <run_address>0x6a8</run_address>
         <size>0x4a</size>
         <input_file_ref idref="fl-5"/>
      </object_component>
      <object_component id="oc-118">
         <name>.debug_line</name>
         <load_address>0x6f2</load_address>
         <run_address>0x6f2</run_address>
         <size>0x48</size>
         <input_file_ref idref="fl-5"/>
      </object_component>
      <object_component id="oc-11f">
         <name>.debug_line</name>
         <load_address>0x73a</load_address>
         <run_address>0x73a</run_address>
         <size>0x48</size>
         <input_file_ref idref="fl-5"/>
      </object_component>
      <object_component id="oc-bd">
         <name>.debug_line</name>
         <load_address>0x782</load_address>
         <run_address>0x782</run_address>
         <size>0x6a0</size>
         <input_file_ref idref="fl-5"/>
      </object_component>
      <object_component id="oc-155">
         <name>.debug_line</name>
         <load_address>0xe22</load_address>
         <run_address>0xe22</run_address>
         <size>0xe4</size>
         <input_file_ref idref="fl-9"/>
      </object_component>
      <object_component id="oc-176">
         <name>.debug_line</name>
         <load_address>0xf06</load_address>
         <run_address>0xf06</run_address>
         <size>0x6a</size>
         <input_file_ref idref="fl-f"/>
      </object_component>
      <object_component id="oc-174">
         <name>.debug_line</name>
         <load_address>0xf70</load_address>
         <run_address>0xf70</run_address>
         <size>0x42</size>
         <input_file_ref idref="fl-f"/>
      </object_component>
      <object_component id="oc-172">
         <name>.debug_line</name>
         <load_address>0xfb2</load_address>
         <run_address>0xfb2</run_address>
         <size>0x42</size>
         <input_file_ref idref="fl-f"/>
      </object_component>
      <object_component id="oc-c3">
         <name>.debug_line</name>
         <load_address>0xff4</load_address>
         <run_address>0xff4</run_address>
         <size>0x2d2</size>
         <input_file_ref idref="fl-f"/>
      </object_component>
      <object_component id="oc-194">
         <name>.debug_line</name>
         <load_address>0x12c6</load_address>
         <run_address>0x12c6</run_address>
         <size>0x64</size>
         <input_file_ref idref="fl-11"/>
      </object_component>
      <object_component id="oc-188">
         <name>.debug_line</name>
         <load_address>0x132a</load_address>
         <run_address>0x132a</run_address>
         <size>0x47</size>
         <input_file_ref idref="fl-11"/>
      </object_component>
      <object_component id="oc-18a">
         <name>.debug_line</name>
         <load_address>0x1371</load_address>
         <run_address>0x1371</run_address>
         <size>0x47</size>
         <input_file_ref idref="fl-11"/>
      </object_component>
      <object_component id="oc-18c">
         <name>.debug_line</name>
         <load_address>0x13b8</load_address>
         <run_address>0x13b8</run_address>
         <size>0x47</size>
         <input_file_ref idref="fl-11"/>
      </object_component>
      <object_component id="oc-18e">
         <name>.debug_line</name>
         <load_address>0x13ff</load_address>
         <run_address>0x13ff</run_address>
         <size>0x47</size>
         <input_file_ref idref="fl-11"/>
      </object_component>
      <object_component id="oc-190">
         <name>.debug_line</name>
         <load_address>0x1446</load_address>
         <run_address>0x1446</run_address>
         <size>0x47</size>
         <input_file_ref idref="fl-11"/>
      </object_component>
      <object_component id="oc-192">
         <name>.debug_line</name>
         <load_address>0x148d</load_address>
         <run_address>0x148d</run_address>
         <size>0x47</size>
         <input_file_ref idref="fl-11"/>
      </object_component>
      <object_component id="oc-186">
         <name>.debug_line</name>
         <load_address>0x14d4</load_address>
         <run_address>0x14d4</run_address>
         <size>0x47</size>
         <input_file_ref idref="fl-11"/>
      </object_component>
      <object_component id="oc-113">
         <name>.debug_line</name>
         <load_address>0x151b</load_address>
         <run_address>0x151b</run_address>
         <size>0x349</size>
         <input_file_ref idref="fl-11"/>
      </object_component>
      <object_component id="oc-196">
         <name>.debug_line</name>
         <load_address>0x1864</load_address>
         <run_address>0x1864</run_address>
         <size>0x6a</size>
         <input_file_ref idref="fl-19"/>
      </object_component>
      <object_component id="oc-14a">
         <name>.debug_line</name>
         <load_address>0x18ce</load_address>
         <run_address>0x18ce</run_address>
         <size>0x6aa</size>
         <input_file_ref idref="fl-19"/>
      </object_component>
      <object_component id="oc-24">
         <name>.debug_line</name>
         <load_address>0x1f78</load_address>
         <run_address>0x1f78</run_address>
         <size>0x53</size>
         <input_file_ref idref="fl-d9"/>
      </object_component>
      <object_component id="oc-89">
         <name>.debug_line</name>
         <load_address>0x1fcb</load_address>
         <run_address>0x1fcb</run_address>
         <size>0xa5</size>
         <input_file_ref idref="fl-da"/>
      </object_component>
      <object_component id="oc-14">
         <name>.debug_line</name>
         <load_address>0x2070</load_address>
         <run_address>0x2070</run_address>
         <size>0x55</size>
         <input_file_ref idref="fl-da"/>
      </object_component>
      <object_component id="oc-35">
         <name>.debug_line</name>
         <load_address>0x20c5</load_address>
         <run_address>0x20c5</run_address>
         <size>0x3a</size>
         <input_file_ref idref="fl-da"/>
      </object_component>
      <object_component id="oc-86">
         <name>.debug_line</name>
         <load_address>0x20ff</load_address>
         <run_address>0x20ff</run_address>
         <size>0xa5</size>
         <input_file_ref idref="fl-da"/>
      </object_component>
      <object_component id="oc-91">
         <name>.debug_line</name>
         <load_address>0x21a4</load_address>
         <run_address>0x21a4</run_address>
         <size>0xa5</size>
         <input_file_ref idref="fl-db"/>
      </object_component>
      <object_component id="oc-3c">
         <name>.debug_line</name>
         <load_address>0x2249</load_address>
         <run_address>0x2249</run_address>
         <size>0x98</size>
         <input_file_ref idref="fl-db"/>
      </object_component>
      <object_component id="oc-1b">
         <name>.debug_line</name>
         <load_address>0x22e1</load_address>
         <run_address>0x22e1</run_address>
         <size>0x4b</size>
         <input_file_ref idref="fl-db"/>
      </object_component>
      <object_component id="oc-43">
         <name>.debug_line</name>
         <load_address>0x232c</load_address>
         <run_address>0x232c</run_address>
         <size>0x39</size>
         <input_file_ref idref="fl-db"/>
      </object_component>
      <object_component id="oc-105">
         <name>.debug_line</name>
         <load_address>0x2365</load_address>
         <run_address>0x2365</run_address>
         <size>0x128</size>
         <input_file_ref idref="fl-dd"/>
      </object_component>
      <object_component id="oc-f9">
         <name>.debug_line</name>
         <load_address>0x248d</load_address>
         <run_address>0x248d</run_address>
         <size>0x2a</size>
         <input_file_ref idref="fl-dd"/>
      </object_component>
      <object_component id="oc-6b">
         <name>.debug_line</name>
         <load_address>0x24b7</load_address>
         <run_address>0x24b7</run_address>
         <size>0x86</size>
         <input_file_ref idref="fl-dd"/>
      </object_component>
      <object_component id="oc-30">
         <name>.debug_line</name>
         <load_address>0x253d</load_address>
         <run_address>0x253d</run_address>
         <size>0x88</size>
         <input_file_ref idref="fl-de"/>
      </object_component>
      <object_component id="oc-49">
         <name>.debug_line</name>
         <load_address>0x25c5</load_address>
         <run_address>0x25c5</run_address>
         <size>0x79</size>
         <input_file_ref idref="fl-df"/>
      </object_component>
      <object_component id="oc-55">
         <name>.debug_line</name>
         <load_address>0x263e</load_address>
         <run_address>0x263e</run_address>
         <size>0x3d</size>
         <input_file_ref idref="fl-e0"/>
      </object_component>
      <object_component id="oc-5c">
         <name>.debug_line</name>
         <load_address>0x267b</load_address>
         <run_address>0x267b</run_address>
         <size>0x40</size>
         <input_file_ref idref="fl-e1"/>
      </object_component>
      <object_component id="oc-b6">
         <name>.debug_line</name>
         <load_address>0x26bb</load_address>
         <run_address>0x26bb</run_address>
         <size>0x33</size>
         <input_file_ref idref="fl-e2"/>
      </object_component>
      <object_component id="oc-178">
         <name>.debug_line</name>
         <load_address>0x26ee</load_address>
         <run_address>0x26ee</run_address>
         <size>0x20</size>
         <input_file_ref idref="fl-e3"/>
      </object_component>
      <object_component id="oc-c6">
         <name>.debug_line</name>
         <load_address>0x270e</load_address>
         <run_address>0x270e</run_address>
         <size>0xc5</size>
         <input_file_ref idref="fl-e3"/>
      </object_component>
      <object_component id="oc-148">
         <name>.debug_line</name>
         <load_address>0x27d3</load_address>
         <run_address>0x27d3</run_address>
         <size>0x20</size>
         <input_file_ref idref="fl-e4"/>
      </object_component>
      <object_component id="oc-101">
         <name>.debug_line</name>
         <load_address>0x27f3</load_address>
         <run_address>0x27f3</run_address>
         <size>0x2b</size>
         <input_file_ref idref="fl-e4"/>
      </object_component>
      <object_component id="oc-fe">
         <name>.debug_line</name>
         <load_address>0x281e</load_address>
         <run_address>0x281e</run_address>
         <size>0x68</size>
         <input_file_ref idref="fl-e4"/>
      </object_component>
      <object_component id="oc-f2">
         <name>.debug_line</name>
         <load_address>0x2886</load_address>
         <run_address>0x2886</run_address>
         <size>0x2b</size>
         <input_file_ref idref="fl-e5"/>
      </object_component>
      <object_component id="oc-64">
         <name>.debug_line</name>
         <load_address>0x28b1</load_address>
         <run_address>0x28b1</run_address>
         <size>0x50</size>
         <input_file_ref idref="fl-e5"/>
      </object_component>
      <object_component id="oc-f6">
         <name>.debug_line</name>
         <load_address>0x2901</load_address>
         <run_address>0x2901</run_address>
         <size>0x2b</size>
         <input_file_ref idref="fl-e5"/>
      </object_component>
      <object_component id="oc-e6">
         <name>.debug_line</name>
         <load_address>0x292c</load_address>
         <run_address>0x292c</run_address>
         <size>0xc4</size>
         <input_file_ref idref="fl-e6"/>
      </object_component>
      <object_component id="oc-61">
         <name>.debug_line</name>
         <load_address>0x29f0</load_address>
         <run_address>0x29f0</run_address>
         <size>0x8b</size>
         <input_file_ref idref="fl-e6"/>
      </object_component>
      <object_component id="oc-ea">
         <name>.debug_line</name>
         <load_address>0x2a7b</load_address>
         <run_address>0x2a7b</run_address>
         <size>0x2e</size>
         <input_file_ref idref="fl-e6"/>
      </object_component>
      <object_component id="oc-ef">
         <name>.debug_line</name>
         <load_address>0x2aa9</load_address>
         <run_address>0x2aa9</run_address>
         <size>0xa6</size>
         <input_file_ref idref="fl-e6"/>
      </object_component>
      <object_component id="oc-140">
         <name>.debug_line</name>
         <load_address>0x2b4f</load_address>
         <run_address>0x2b4f</run_address>
         <size>0xb3</size>
         <input_file_ref idref="fl-e7"/>
      </object_component>
      <object_component id="oc-9e">
         <name>.debug_line</name>
         <load_address>0x2c02</load_address>
         <run_address>0x2c02</run_address>
         <size>0x68</size>
         <input_file_ref idref="fl-e7"/>
      </object_component>
      <object_component id="oc-144">
         <name>.debug_line</name>
         <load_address>0x2c6a</load_address>
         <run_address>0x2c6a</run_address>
         <size>0x2e</size>
         <input_file_ref idref="fl-e7"/>
      </object_component>
      <object_component id="oc-a7">
         <name>.debug_line</name>
         <load_address>0x2c98</load_address>
         <run_address>0x2c98</run_address>
         <size>0x3c</size>
         <input_file_ref idref="fl-e8"/>
      </object_component>
      <object_component id="oc-7e">
         <name>.debug_frame</name>
         <load_address>0x0</load_address>
         <run_address>0x0</run_address>
         <size>0xc9</size>
         <input_file_ref idref="fl-2"/>
      </object_component>
      <object_component id="oc-10b">
         <name>.debug_frame</name>
         <load_address>0xc9</load_address>
         <run_address>0xc9</run_address>
         <size>0xd1</size>
         <input_file_ref idref="fl-3"/>
      </object_component>
      <object_component id="oc-74">
         <name>.debug_frame</name>
         <load_address>0x19a</load_address>
         <run_address>0x19a</run_address>
         <size>0xb2</size>
         <input_file_ref idref="fl-4"/>
      </object_component>
      <object_component id="oc-127">
         <name>.debug_frame</name>
         <load_address>0x24c</load_address>
         <run_address>0x24c</run_address>
         <size>0x7f</size>
         <input_file_ref idref="fl-5"/>
      </object_component>
      <object_component id="oc-119">
         <name>.debug_frame</name>
         <load_address>0x2cb</load_address>
         <run_address>0x2cb</run_address>
         <size>0x7f</size>
         <input_file_ref idref="fl-5"/>
      </object_component>
      <object_component id="oc-120">
         <name>.debug_frame</name>
         <load_address>0x34a</load_address>
         <run_address>0x34a</run_address>
         <size>0x7f</size>
         <input_file_ref idref="fl-5"/>
      </object_component>
      <object_component id="oc-bc">
         <name>.debug_frame</name>
         <load_address>0x3c9</load_address>
         <run_address>0x3c9</run_address>
         <size>0x441</size>
         <input_file_ref idref="fl-5"/>
      </object_component>
      <object_component id="oc-156">
         <name>.debug_frame</name>
         <load_address>0x80a</load_address>
         <run_address>0x80a</run_address>
         <size>0xda</size>
         <input_file_ref idref="fl-9"/>
      </object_component>
      <object_component id="oc-c2">
         <name>.debug_frame</name>
         <load_address>0x8e4</load_address>
         <run_address>0x8e4</run_address>
         <size>0x249</size>
         <input_file_ref idref="fl-f"/>
      </object_component>
      <object_component id="oc-110">
         <name>.debug_frame</name>
         <load_address>0xb2d</load_address>
         <run_address>0xb2d</run_address>
         <size>0x226</size>
         <input_file_ref idref="fl-11"/>
      </object_component>
      <object_component id="oc-14e">
         <name>.debug_frame</name>
         <load_address>0xd53</load_address>
         <run_address>0xd53</run_address>
         <size>0x550</size>
         <input_file_ref idref="fl-19"/>
      </object_component>
      <object_component id="oc-15">
         <name>.debug_frame</name>
         <load_address>0x12a3</load_address>
         <run_address>0x12a3</run_address>
         <size>0x7f</size>
         <input_file_ref idref="fl-da"/>
      </object_component>
      <object_component id="oc-3d">
         <name>.debug_frame</name>
         <load_address>0x1322</load_address>
         <run_address>0x1322</run_address>
         <size>0x8e</size>
         <input_file_ref idref="fl-db"/>
      </object_component>
      <object_component id="oc-17">
         <name>.debug_frame</name>
         <load_address>0x13b0</load_address>
         <run_address>0x13b0</run_address>
         <size>0x7f</size>
         <input_file_ref idref="fl-db"/>
      </object_component>
      <object_component id="oc-6a">
         <name>.debug_frame</name>
         <load_address>0x142f</load_address>
         <run_address>0x142f</run_address>
         <size>0xb3</size>
         <input_file_ref idref="fl-dd"/>
      </object_component>
      <object_component id="oc-56">
         <name>.debug_frame</name>
         <load_address>0x14e2</load_address>
         <run_address>0x14e2</run_address>
         <size>0x7f</size>
         <input_file_ref idref="fl-e0"/>
      </object_component>
      <object_component id="oc-5b">
         <name>.debug_frame</name>
         <load_address>0x1561</load_address>
         <run_address>0x1561</run_address>
         <size>0x7f</size>
         <input_file_ref idref="fl-e1"/>
      </object_component>
      <object_component id="oc-c7">
         <name>.debug_frame</name>
         <load_address>0x15e0</load_address>
         <run_address>0x15e0</run_address>
         <size>0x7f</size>
         <input_file_ref idref="fl-e3"/>
      </object_component>
      <object_component id="oc-ff">
         <name>.debug_frame</name>
         <load_address>0x165f</load_address>
         <run_address>0x165f</run_address>
         <size>0xa1</size>
         <input_file_ref idref="fl-e4"/>
      </object_component>
      <object_component id="oc-65">
         <name>.debug_frame</name>
         <load_address>0x1700</load_address>
         <run_address>0x1700</run_address>
         <size>0x7f</size>
         <input_file_ref idref="fl-e5"/>
      </object_component>
      <object_component id="oc-62">
         <name>.debug_frame</name>
         <load_address>0x177f</load_address>
         <run_address>0x177f</run_address>
         <size>0x8a</size>
         <input_file_ref idref="fl-e6"/>
      </object_component>
      <object_component id="oc-9d">
         <name>.debug_frame</name>
         <load_address>0x1809</load_address>
         <run_address>0x1809</run_address>
         <size>0x8e</size>
         <input_file_ref idref="fl-e7"/>
      </object_component>
      <object_component id="oc-a6">
         <name>.debug_frame</name>
         <load_address>0x1897</load_address>
         <run_address>0x1897</run_address>
         <size>0x7f</size>
         <input_file_ref idref="fl-e8"/>
      </object_component>
      <object_component id="oc-13d">
         <name>.debug_abbrev</name>
         <load_address>0x0</load_address>
         <run_address>0x0</run_address>
         <size>0x159</size>
         <input_file_ref idref="fl-2"/>
      </object_component>
      <object_component id="oc-13b">
         <name>.debug_abbrev</name>
         <load_address>0x159</load_address>
         <run_address>0x159</run_address>
         <size>0x29</size>
         <input_file_ref idref="fl-2"/>
      </object_component>
      <object_component id="oc-d4">
         <name>.debug_abbrev</name>
         <load_address>0x182</load_address>
         <run_address>0x182</run_address>
         <size>0xaa</size>
         <input_file_ref idref="fl-2"/>
      </object_component>
      <object_component id="oc-138">
         <name>.debug_abbrev</name>
         <load_address>0x22c</load_address>
         <run_address>0x22c</run_address>
         <size>0x97</size>
         <input_file_ref idref="fl-2"/>
      </object_component>
      <object_component id="oc-d7">
         <name>.debug_abbrev</name>
         <load_address>0x2c3</load_address>
         <run_address>0x2c3</run_address>
         <size>0x1f</size>
         <input_file_ref idref="fl-2"/>
      </object_component>
      <object_component id="oc-dd">
         <name>.debug_abbrev</name>
         <load_address>0x2e2</load_address>
         <run_address>0x2e2</run_address>
         <size>0x35</size>
         <input_file_ref idref="fl-2"/>
      </object_component>
      <object_component id="oc-94">
         <name>.debug_abbrev</name>
         <load_address>0x317</load_address>
         <run_address>0x317</run_address>
         <size>0x24</size>
         <input_file_ref idref="fl-2"/>
      </object_component>
      <object_component id="oc-181">
         <name>.debug_abbrev</name>
         <load_address>0x33b</load_address>
         <run_address>0x33b</run_address>
         <size>0x4b</size>
         <input_file_ref idref="fl-2"/>
      </object_component>
      <object_component id="oc-17d">
         <name>.debug_abbrev</name>
         <load_address>0x386</load_address>
         <run_address>0x386</run_address>
         <size>0xc1</size>
         <input_file_ref idref="fl-3"/>
      </object_component>
      <object_component id="oc-17b">
         <name>.debug_abbrev</name>
         <load_address>0x447</load_address>
         <run_address>0x447</run_address>
         <size>0x29</size>
         <input_file_ref idref="fl-3"/>
      </object_component>
      <object_component id="oc-152">
         <name>.debug_abbrev</name>
         <load_address>0x470</load_address>
         <run_address>0x470</run_address>
         <size>0xa9</size>
         <input_file_ref idref="fl-3"/>
      </object_component>
      <object_component id="oc-e0">
         <name>.debug_abbrev</name>
         <load_address>0x519</load_address>
         <run_address>0x519</run_address>
         <size>0x68</size>
         <input_file_ref idref="fl-4"/>
      </object_component>
      <object_component id="oc-7f">
         <name>.debug_abbrev</name>
         <load_address>0x581</load_address>
         <run_address>0x581</run_address>
         <size>0x29</size>
         <input_file_ref idref="fl-4"/>
      </object_component>
      <object_component id="oc-b7">
         <name>.debug_abbrev</name>
         <load_address>0x5aa</load_address>
         <run_address>0x5aa</run_address>
         <size>0x77</size>
         <input_file_ref idref="fl-4"/>
      </object_component>
      <object_component id="oc-8c">
         <name>.debug_abbrev</name>
         <load_address>0x621</load_address>
         <run_address>0x621</run_address>
         <size>0x1f</size>
         <input_file_ref idref="fl-4"/>
      </object_component>
      <object_component id="oc-134">
         <name>.debug_abbrev</name>
         <load_address>0x640</load_address>
         <run_address>0x640</run_address>
         <size>0x101</size>
         <input_file_ref idref="fl-5"/>
      </object_component>
      <object_component id="oc-125">
         <name>.debug_abbrev</name>
         <load_address>0x741</load_address>
         <run_address>0x741</run_address>
         <size>0x50</size>
         <input_file_ref idref="fl-5"/>
      </object_component>
      <object_component id="oc-117">
         <name>.debug_abbrev</name>
         <load_address>0x791</load_address>
         <run_address>0x791</run_address>
         <size>0x52</size>
         <input_file_ref idref="fl-5"/>
      </object_component>
      <object_component id="oc-11e">
         <name>.debug_abbrev</name>
         <load_address>0x7e3</load_address>
         <run_address>0x7e3</run_address>
         <size>0x52</size>
         <input_file_ref idref="fl-5"/>
      </object_component>
      <object_component id="oc-129">
         <name>.debug_abbrev</name>
         <load_address>0x835</load_address>
         <run_address>0x835</run_address>
         <size>0x105</size>
         <input_file_ref idref="fl-5"/>
      </object_component>
      <object_component id="oc-184">
         <name>.debug_abbrev</name>
         <load_address>0x93a</load_address>
         <run_address>0x93a</run_address>
         <size>0xf9</size>
         <input_file_ref idref="fl-9"/>
      </object_component>
      <object_component id="oc-175">
         <name>.debug_abbrev</name>
         <load_address>0xa33</load_address>
         <run_address>0xa33</run_address>
         <size>0xa7</size>
         <input_file_ref idref="fl-f"/>
      </object_component>
      <object_component id="oc-173">
         <name>.debug_abbrev</name>
         <load_address>0xada</load_address>
         <run_address>0xada</run_address>
         <size>0x27</size>
         <input_file_ref idref="fl-f"/>
      </object_component>
      <object_component id="oc-171">
         <name>.debug_abbrev</name>
         <load_address>0xb01</load_address>
         <run_address>0xb01</run_address>
         <size>0x27</size>
         <input_file_ref idref="fl-f"/>
      </object_component>
      <object_component id="oc-130">
         <name>.debug_abbrev</name>
         <load_address>0xb28</load_address>
         <run_address>0xb28</run_address>
         <size>0x132</size>
         <input_file_ref idref="fl-f"/>
      </object_component>
      <object_component id="oc-193">
         <name>.debug_abbrev</name>
         <load_address>0xc5a</load_address>
         <run_address>0xc5a</run_address>
         <size>0xa0</size>
         <input_file_ref idref="fl-11"/>
      </object_component>
      <object_component id="oc-187">
         <name>.debug_abbrev</name>
         <load_address>0xcfa</load_address>
         <run_address>0xcfa</run_address>
         <size>0x27</size>
         <input_file_ref idref="fl-11"/>
      </object_component>
      <object_component id="oc-189">
         <name>.debug_abbrev</name>
         <load_address>0xd21</load_address>
         <run_address>0xd21</run_address>
         <size>0x27</size>
         <input_file_ref idref="fl-11"/>
      </object_component>
      <object_component id="oc-18b">
         <name>.debug_abbrev</name>
         <load_address>0xd48</load_address>
         <run_address>0xd48</run_address>
         <size>0x27</size>
         <input_file_ref idref="fl-11"/>
      </object_component>
      <object_component id="oc-18d">
         <name>.debug_abbrev</name>
         <load_address>0xd6f</load_address>
         <run_address>0xd6f</run_address>
         <size>0x27</size>
         <input_file_ref idref="fl-11"/>
      </object_component>
      <object_component id="oc-18f">
         <name>.debug_abbrev</name>
         <load_address>0xd96</load_address>
         <run_address>0xd96</run_address>
         <size>0x27</size>
         <input_file_ref idref="fl-11"/>
      </object_component>
      <object_component id="oc-191">
         <name>.debug_abbrev</name>
         <load_address>0xdbd</load_address>
         <run_address>0xdbd</run_address>
         <size>0x27</size>
         <input_file_ref idref="fl-11"/>
      </object_component>
      <object_component id="oc-185">
         <name>.debug_abbrev</name>
         <load_address>0xde4</load_address>
         <run_address>0xde4</run_address>
         <size>0x29</size>
         <input_file_ref idref="fl-11"/>
      </object_component>
      <object_component id="oc-16f">
         <name>.debug_abbrev</name>
         <load_address>0xe0d</load_address>
         <run_address>0xe0d</run_address>
         <size>0x15d</size>
         <input_file_ref idref="fl-11"/>
      </object_component>
      <object_component id="oc-195">
         <name>.debug_abbrev</name>
         <load_address>0xf6a</load_address>
         <run_address>0xf6a</run_address>
         <size>0xa7</size>
         <input_file_ref idref="fl-19"/>
      </object_component>
      <object_component id="oc-179">
         <name>.debug_abbrev</name>
         <load_address>0x1011</load_address>
         <run_address>0x1011</run_address>
         <size>0x161</size>
         <input_file_ref idref="fl-19"/>
      </object_component>
      <object_component id="oc-72">
         <name>.debug_abbrev</name>
         <load_address>0x1172</load_address>
         <run_address>0x1172</run_address>
         <size>0x3e</size>
         <input_file_ref idref="fl-d9"/>
      </object_component>
      <object_component id="oc-88">
         <name>.debug_abbrev</name>
         <load_address>0x11b0</load_address>
         <run_address>0x11b0</run_address>
         <size>0x52</size>
         <input_file_ref idref="fl-da"/>
      </object_component>
      <object_component id="oc-31">
         <name>.debug_abbrev</name>
         <load_address>0x1202</load_address>
         <run_address>0x1202</run_address>
         <size>0x74</size>
         <input_file_ref idref="fl-da"/>
      </object_component>
      <object_component id="oc-34">
         <name>.debug_abbrev</name>
         <load_address>0x1276</load_address>
         <run_address>0x1276</run_address>
         <size>0x24</size>
         <input_file_ref idref="fl-da"/>
      </object_component>
      <object_component id="oc-85">
         <name>.debug_abbrev</name>
         <load_address>0x129a</load_address>
         <run_address>0x129a</run_address>
         <size>0x24</size>
         <input_file_ref idref="fl-da"/>
      </object_component>
      <object_component id="oc-90">
         <name>.debug_abbrev</name>
         <load_address>0x12be</load_address>
         <run_address>0x12be</run_address>
         <size>0x52</size>
         <input_file_ref idref="fl-db"/>
      </object_component>
      <object_component id="oc-8f">
         <name>.debug_abbrev</name>
         <load_address>0x1310</load_address>
         <run_address>0x1310</run_address>
         <size>0x7b</size>
         <input_file_ref idref="fl-db"/>
      </object_component>
      <object_component id="oc-3e">
         <name>.debug_abbrev</name>
         <load_address>0x138b</load_address>
         <run_address>0x138b</run_address>
         <size>0x66</size>
         <input_file_ref idref="fl-db"/>
      </object_component>
      <object_component id="oc-42">
         <name>.debug_abbrev</name>
         <load_address>0x13f1</load_address>
         <run_address>0x13f1</run_address>
         <size>0x24</size>
         <input_file_ref idref="fl-db"/>
      </object_component>
      <object_component id="oc-104">
         <name>.debug_abbrev</name>
         <load_address>0x1415</load_address>
         <run_address>0x1415</run_address>
         <size>0xa8</size>
         <input_file_ref idref="fl-dd"/>
      </object_component>
      <object_component id="oc-f8">
         <name>.debug_abbrev</name>
         <load_address>0x14bd</load_address>
         <run_address>0x14bd</run_address>
         <size>0x29</size>
         <input_file_ref idref="fl-dd"/>
      </object_component>
      <object_component id="oc-b2">
         <name>.debug_abbrev</name>
         <load_address>0x14e6</load_address>
         <run_address>0x14e6</run_address>
         <size>0xba</size>
         <input_file_ref idref="fl-dd"/>
      </object_component>
      <object_component id="oc-82">
         <name>.debug_abbrev</name>
         <load_address>0x15a0</load_address>
         <run_address>0x15a0</run_address>
         <size>0x3e</size>
         <input_file_ref idref="fl-de"/>
      </object_component>
      <object_component id="oc-97">
         <name>.debug_abbrev</name>
         <load_address>0x15de</load_address>
         <run_address>0x15de</run_address>
         <size>0x4f</size>
         <input_file_ref idref="fl-df"/>
      </object_component>
      <object_component id="oc-9a">
         <name>.debug_abbrev</name>
         <load_address>0x162d</load_address>
         <run_address>0x162d</run_address>
         <size>0x53</size>
         <input_file_ref idref="fl-e0"/>
      </object_component>
      <object_component id="oc-9b">
         <name>.debug_abbrev</name>
         <load_address>0x1680</load_address>
         <run_address>0x1680</run_address>
         <size>0x55</size>
         <input_file_ref idref="fl-e1"/>
      </object_component>
      <object_component id="oc-b5">
         <name>.debug_abbrev</name>
         <load_address>0x16d5</load_address>
         <run_address>0x16d5</run_address>
         <size>0x27</size>
         <input_file_ref idref="fl-e2"/>
      </object_component>
      <object_component id="oc-177">
         <name>.debug_abbrev</name>
         <load_address>0x16fc</load_address>
         <run_address>0x16fc</run_address>
         <size>0x2a</size>
         <input_file_ref idref="fl-e3"/>
      </object_component>
      <object_component id="oc-132">
         <name>.debug_abbrev</name>
         <load_address>0x1726</load_address>
         <run_address>0x1726</run_address>
         <size>0x71</size>
         <input_file_ref idref="fl-e3"/>
      </object_component>
      <object_component id="oc-147">
         <name>.debug_abbrev</name>
         <load_address>0x1797</load_address>
         <run_address>0x1797</run_address>
         <size>0x45</size>
         <input_file_ref idref="fl-e4"/>
      </object_component>
      <object_component id="oc-100">
         <name>.debug_abbrev</name>
         <load_address>0x17dc</load_address>
         <run_address>0x17dc</run_address>
         <size>0x29</size>
         <input_file_ref idref="fl-e4"/>
      </object_component>
      <object_component id="oc-146">
         <name>.debug_abbrev</name>
         <load_address>0x1805</load_address>
         <run_address>0x1805</run_address>
         <size>0x6f</size>
         <input_file_ref idref="fl-e4"/>
      </object_component>
      <object_component id="oc-f1">
         <name>.debug_abbrev</name>
         <load_address>0x1874</load_address>
         <run_address>0x1874</run_address>
         <size>0x8e</size>
         <input_file_ref idref="fl-e5"/>
      </object_component>
      <object_component id="oc-aa">
         <name>.debug_abbrev</name>
         <load_address>0x1902</load_address>
         <run_address>0x1902</run_address>
         <size>0x68</size>
         <input_file_ref idref="fl-e5"/>
      </object_component>
      <object_component id="oc-f5">
         <name>.debug_abbrev</name>
         <load_address>0x196a</load_address>
         <run_address>0x196a</run_address>
         <size>0x49</size>
         <input_file_ref idref="fl-e5"/>
      </object_component>
      <object_component id="oc-e5">
         <name>.debug_abbrev</name>
         <load_address>0x19b3</load_address>
         <run_address>0x19b3</run_address>
         <size>0xae</size>
         <input_file_ref idref="fl-e6"/>
      </object_component>
      <object_component id="oc-a8">
         <name>.debug_abbrev</name>
         <load_address>0x1a61</load_address>
[...]
         <value>0x1825</value>
         <object_component_ref idref="oc-be"/>
      </symbol>
      <symbol id="sm-203">
         <name>GPIO_getInterruptStatus</name>
         <value>0x18f1</value>
         <object_component_ref idref="oc-be"/>
      </symbol>
      <symbol id="sm-204">
         <name>GPIO_enableInterrupt</name>
         <value>0x18ad</value>
         <object_component_ref idref="oc-be"/>
      </symbol>
      <symbol id="sm-205">
         <name>GPIO_getEnabledInterruptStatus</name>
         <value>0x1967</value>
         <object_component_ref idref="oc-be"/>
      </symbol>
      <symbol id="sm-206">
         <name>GPIO_setAsOutputPin</name>
         <value>0x15e5</value>
         <object_component_ref idref="oc-be"/>
      </symbol>
      <symbol id="sm-207">
         <name>GPIO_interruptEdgeSelect</name>
         <value>0x1931</value>
         <object_component_ref idref="oc-be"/>
      </symbol>
      <symbol id="sm-208">
         <name>GPIO_setDriveStrengthLow</name>
         <value>0x1a05</value>
         <object_component_ref idref="oc-be"/>
      </symbol>
      <symbol id="sm-209">
         <name>GPIO_setOutputLowOnPin</name>
         <value>0x178f</value>
         <object_component_ref idref="oc-be"/>
      </symbol>
      <symbol id="sm-20a">
         <name>GPIO_clearInterruptFlag</name>
         <value>0x190f</value>
         <object_component_ref idref="oc-be"/>
      </symbol>
      <symbol id="sm-20b">
         <name>GPIO_toggleOutputOnPin</name>
         <value>0x17b1</value>
         <object_component_ref idref="oc-be"/>
      </symbol>
      <symbol id="sm-20c">
         <name>GPIO_setAsPeripheralModuleFunctionOutputPin</name>
         <value>0x1665</value>
         <object_component_ref idref="oc-be"/>
      </symbol>
      <symbol id="sm-20d">
         <name>GPIO_getInputPinValue</name>
         <value>0x1877</value>
         <object_component_ref idref="oc-be"/>
      </symbol>
      <symbol id="sm-20e">
         <name>GPIO_setAsPeripheralModuleFunctionInputPin</name>
         <value>0x16e9</value>
         <object_component_ref idref="oc-be"/>
      </symbol>
      <symbol id="sm-20f">
         <name>GPIO_registerInterrupt</name>
         <value>0x1a27</value>
         <object_component_ref idref="oc-be"/>
      </symbol>
      <symbol id="sm-210">
         <name>GPIO_disableInterrupt</name>
         <value>0x18cf</value>
         <object_component_ref idref="oc-be"/>
      </symbol>
      <symbol id="sm-294">
         <name>Interrupt_disableMaster</name>
         <value>0x1a7f</value>
         <object_component_ref idref="oc-10e"/>
      </symbol>
      <symbol id="sm-295">
         <name>Interrupt_disableInterrupt</name>
         <value>0x1c2f</value>
         <object_component_ref idref="oc-10e"/>
      </symbol>
      <symbol id="sm-296">
         <name>Interrupt_getPriorityMask</name>
         <value>0x1dfb</value>
         <object_component_ref idref="oc-10e"/>
      </symbol>
      <symbol id="sm-297">
         <name>Interrupt_unpendInterrupt</name>
         <value>0x1d9d</value>
         <object_component_ref idref="oc-10e"/>
      </symbol>
      <symbol id="sm-298">
         <name>Interrupt_setPriorityMask</name>
         <value>0x1deb</value>
         <object_component_ref idref="oc-10e"/>
      </symbol>
      <symbol id="sm-299">
         <name>Interrupt_unregisterInterrupt</name>
         <value>0x1ae1</value>
         <object_component_ref idref="oc-10e"/>
      </symbol>
      <symbol id="sm-29a">
         <name>Interrupt_setVectorTableAddress</name>
         <value>0x1e05</value>
         <object_component_ref idref="oc-10e"/>
      </symbol>
      <symbol id="sm-29b">
         <name>Interrupt_setPriority</name>
         <value>0x1b47</value>
         <object_component_ref idref="oc-10e"/>
      </symbol>
      <symbol id="sm-29c">
         <name>Interrupt_enableSleepOnIsrExit</name>
         <value>0x1e1b</value>
         <object_component_ref idref="oc-10e"/>
      </symbol>
      <symbol id="sm-29d">
         <name>Interrupt_enableMaster</name>
         <value>0x1a6f</value>
         <object_component_ref idref="oc-10e"/>
      </symbol>
      <symbol id="sm-29e">
         <name>Interrupt_enableInterrupt</name>
         <value>0x1bbd</value>
         <object_component_ref idref="oc-10e"/>
      </symbol>
      <symbol id="sm-29f">
         <name>Interrupt_getPriority</name>
         <value>0x1b97</value>
         <object_component_ref idref="oc-10e"/>
      </symbol>
      <symbol id="sm-2a0">
         <name>Interrupt_registerInterrupt</name>
         <value>0x1a8f</value>
         <object_component_ref idref="oc-10e"/>
      </symbol>
      <symbol id="sm-2a1">
         <name>g_pfnRAMVectors</name>
         <value>0x20000000</value>
         <object_component_ref idref="oc-15a"/>
      </symbol>
      <symbol id="sm-2a2">
         <name>Interrupt_disableSleepOnIsrExit</name>
         <value>0x1e2d</value>
         <object_component_ref idref="oc-10e"/>
      </symbol>
      <symbol id="sm-2a3">
         <name>Interrupt_setPriorityGrouping</name>
         <value>0x1af5</value>
         <object_component_ref idref="oc-10e"/>
      </symbol>
      <symbol id="sm-2a4">
         <name>Interrupt_getPriorityGrouping</name>
         <value>0x1b0f</value>
         <object_component_ref idref="oc-10e"/>
      </symbol>
      <symbol id="sm-2a5">
         <name>Interrupt_getVectorTableAddress</name>
         <value>0x1e15</value>
         <object_component_ref idref="oc-10e"/>
      </symbol>
      <symbol id="sm-2a6">
         <name>Interrupt_isEnabled</name>
         <value>0x1ca1</value>
         <object_component_ref idref="oc-10e"/>
      </symbol>
      <symbol id="sm-2a7">
         <name>Interrupt_pendInterrupt</name>
         <value>0x1d2d</value>
         <object_component_ref idref="oc-10e"/>
      </symbol>
      <symbol id="sm-333">
         <name>EUSCI_B_SPI_isBusy</name>
         <value>0x13f7</value>
         <object_component_ref idref="oc-149"/>
      </symbol>
      <symbol id="sm-334">
         <name>EUSCI_B_SPI_select4PinFunctionality</name>
         <value>0x1245</value>
         <object_component_ref idref="oc-149"/>
      </symbol>
      <symbol id="sm-335">
         <name>EUSCI_A_SPI_select4PinFunctionality</name>
         <value>0x140f</value>
         <object_component_ref idref="oc-149"/>
      </symbol>
      <symbol id="sm-336">
         <name>SPI_initSlave</name>
         <value>0xe83</value>
         <object_component_ref idref="oc-149"/>
      </symbol>
      <symbol id="sm-337">
         <name>EUSCI_B_SPI_receiveData</name>
         <value>0x1339</value>
         <object_component_ref idref="oc-149"/>
      </symbol>
      <symbol id="sm-338">
         <name>EUSCI_A_SPI_changeClockPhasePolarity</name>
         <value>0x14af</value>
         <object_component_ref idref="oc-149"/>
      </symbol>
      <symbol id="sm-339">
         <name>EUSCI_A_SPI_enableInterrupt</name>
         <value>0x1517</value>
         <object_component_ref idref="oc-149"/>
      </symbol>
      <symbol id="sm-33a">
         <name>SPI_changeClockPhasePolarity</name>
         <value>0xf01</value>
         <object_component_ref idref="oc-149"/>
      </symbol>
      <symbol id="sm-33b">
         <name>EUSCI_B_SPI_masterChangeClock</name>
         <value>0x1265</value>
         <object_component_ref idref="oc-149"/>
      </symbol>
      <symbol id="sm-33c">
         <name>EUSCI_A_SPI_disable</name>
         <value>0x1593</value>
         <object_component_ref idref="oc-149"/>
      </symbol>
      <symbol id="sm-33d">
         <name>EUSCI_A_SPI_getInterruptStatus</name>
         <value>0x154b</value>
         <object_component_ref idref="oc-149"/>
      </symbol>
      <symbol id="sm-33e">
         <name>EUSCI_B_SPI_getInterruptStatus</name>
         <value>0x137d</value>
         <object_component_ref idref="oc-149"/>
      </symbol>
      <symbol id="sm-33f">
         <name>EUSCI_A_SPI_getTransmitBufferAddressForDMA</name>
         <value>0x15b7</value>
         <object_component_ref idref="oc-149"/>
      </symbol>
      <symbol id="sm-340">
         <name>EUSCI_B_SPI_enable</name>
         <value>0x13af</value>
         <object_component_ref idref="oc-149"/>
      </symbol>
      <symbol id="sm-341">
         <name>SPI_enableModule</name>
         <value>0xf73</value>
         <object_component_ref idref="oc-149"/>
      </symbol>
      <symbol id="sm-342">
         <name>EUSCI_A_SPI_receiveData</name>
         <value>0x1507</value>
         <object_component_ref idref="oc-149"/>
      </symbol>
      <symbol id="sm-343">
         <name>EUSCI_A_SPI_transmitData</name>
         <value>0x14f1</value>
         <object_component_ref idref="oc-149"/>
      </symbol>
      <symbol id="sm-344">
         <name>SPI_disableModule</name>
         <value>0xf8f</value>
         <object_component_ref idref="oc-149"/>
      </symbol>
      <symbol id="sm-345">
         <name>EUSCI_B_SPI_getReceiveBufferAddressForDMA</name>
         <value>0x13db</value>
         <object_component_ref idref="oc-149"/>
      </symbol>
      <symbol id="sm-346">
         <name>SPI_changeMasterClock</name>
         <value>0xe5b</value>
         <object_component_ref idref="oc-149"/>
      </symbol>
      <symbol id="sm-347">
         <name>EUSCI_B_SPI_disableInterrupt</name>
         <value>0x1363</value>
         <object_component_ref idref="oc-149"/>
      </symbol>
      <symbol id="sm-348">
         <name>EUSCI_B_SPI_disable</name>
         <value>0x13c5</value>
         <object_component_ref idref="oc-149"/>
      </symbol>
      <symbol id="sm-349">
         <name>SPI_selectFourPinFunctionality</name>
         <value>0xe35</value>
         <object_component_ref idref="oc-149"/>
      </symbol>
      <symbol id="sm-34a">
         <name>SPI_clearInterruptFlag</name>
         <value>0x10b5</value>
         <object_component_ref idref="oc-149"/>
      </symbol>
      <symbol id="sm-34b">
         <name>SPI_registerInterrupt</name>
         <value>0x10db</value>
         <object_component_ref idref="oc-149"/>
      </symbol>
      <symbol id="sm-34c">
         <name>EUSCI_B_SPI_changeClockPhasePolarity</name>
         <value>0x12e1</value>
         <object_component_ref idref="oc-149"/>
      </symbol>
      <symbol id="sm-34d">
         <name>EUSCI_B_SPI_transmitData</name>
         <value>0x1323</value>
         <object_component_ref idref="oc-149"/>
      </symbol>
      <symbol id="sm-34e">
         <name>SPI_isBusy</name>
         <value>0xfe9</value>
         <object_component_ref idref="oc-149"/>
      </symbol>
      <symbol id="sm-34f">
         <name>EUSCI_B_SPI_clearInterruptFlag</name>
         <value>0x1395</value>
         <object_component_ref idref="oc-149"/>
      </symbol>
      <symbol id="sm-350">
         <name>EUSCI_A_SPI_clearInterruptFlag</name>
         <value>0x1563</value>
         <object_component_ref idref="oc-149"/>
      </symbol>
      <symbol id="sm-351">
         <name>SPI_transmitData</name>
         <value>0xf31</value>
         <object_component_ref idref="oc-149"/>
      </symbol>
      <symbol id="sm-352">
         <name>SPI_getReceiveBufferAddressForDMA</name>
         <value>0xfab</value>
         <object_component_ref idref="oc-149"/>
      </symbol>
      <symbol id="sm-353">
         <name>SPI_getTransmitBufferAddressForDMA</name>
         <value>0xfc7</value>
         <object_component_ref idref="oc-149"/>
      </symbol>
      <symbol id="sm-354">
         <name>EUSCI_A_SPI_enable</name>
         <value>0x157d</value>
         <object_component_ref idref="oc-149"/>
      </symbol>
      <symbol id="sm-355">
         <name>EUSCI_B_SPI_enableInterrupt</name>
         <value>0x1349</value>
         <object_component_ref idref="oc-149"/>
      </symbol>
      <symbol id="sm-356">
         <name>SPI_receiveData</name>
         <value>0xf57</value>
         <object_component_ref idref="oc-149"/>
      </symbol>
      <symbol id="sm-357">
         <name>EUSCI_A_SPI_getReceiveBufferAddressForDMA</name>
         <value>0x15a9</value>
         <object_component_ref idref="oc-149"/>
      </symbol>
      <symbol id="sm-358">
         <name>SPI_getInterruptStatus</name>
         <value>0x105d</value>
         <object_component_ref idref="oc-149"/>
      </symbol>
      <symbol id="sm-359">
         <name>EUSCI_A_SPI_slaveInit</name>
         <value>0x1465</value>
         <object_component_ref idref="oc-149"/>
      </symbol>
      <symbol id="sm-35a">
         <name>EUSCI_B_SPI_slaveInit</name>
         <value>0x1297</value>
         <object_component_ref idref="oc-149"/>
      </symbol>
      <symbol id="sm-35b">
         <name>SPI_initMaster</name>
         <value>0xd85</value>
         <object_component_ref idref="oc-149"/>
      </symbol>
      <symbol id="sm-35c">
         <name>SPI_getEnabledInterruptStatus</name>
         <value>0x1085</value>
         <object_component_ref idref="oc-149"/>
      </symbol>
      <symbol id="sm-35d">
         <name>EUSCI_B_SPI_getTransmitBufferAddressForDMA</name>
         <value>0x13e9</value>
         <object_component_ref idref="oc-149"/>
      </symbol>
      <symbol id="sm-35e">
         <name>EUSCI_A_SPI_disableInterrupt</name>
         <value>0x1531</value>
         <object_component_ref idref="oc-149"/>
      </symbol>
      <symbol id="sm-35f">
         <name>SPI_unregisterInterrupt</name>
         <value>0x1199</value>
         <object_component_ref idref="oc-149"/>
      </symbol>
      <symbol id="sm-360">
         <name>EUSCI_A_SPI_masterChangeClock</name>
         <value>0x142f</value>
         <object_component_ref idref="oc-149"/>
      </symbol>
      <symbol id="sm-361">
         <name>EUSCI_A_SPI_isBusy</name>
         <value>0x15c5</value>
         <object_component_ref idref="oc-149"/>
      </symbol>
      <symbol id="sm-362">
         <name>SPI_enableInterrupt</name>
         <value>0x1011</value>
         <object_component_ref idref="oc-149"/>
      </symbol>
      <symbol id="sm-363">
         <name>SPI_disableInterrupt</name>
         <value>0x1037</value>
         <object_component_ref idref="oc-149"/>
      </symbol>
      <symbol id="sm-37a">
         <name>_c_int00</name>
         <value>0x23e9</value>
         <object_component_ref idref="oc-22"/>
      </symbol>
      <symbol id="sm-37b">
         <name>__stack</name>
         <value>0x2000fe00</value>
         <object_component_ref idref="oc-2b"/>
      </symbol>
      <symbol id="sm-392">
         <name>__TI_decompress_none</name>
         <value>0x2595</value>
         <object_component_ref idref="oc-10"/>
      </symbol>
      <symbol id="sm-3b5">
         <name>__TI_decompress_rle24</name>
         <value>0x25af</value>
         <object_component_ref idref="oc-16"/>
      </symbol>
      <symbol id="sm-3d7">
         <name>C$$EXIT</name>
         <value>0x243d</value>
         <object_component_ref idref="oc-69"/>
      </symbol>
      <symbol id="sm-3d8">
         <name>abort</name>
         <value>0x2441</value>
         <object_component_ref idref="oc-69"/>
      </symbol>
      <symbol id="sm-3d9">
         <name>exit</name>
         <value>0x2449</value>
         <object_component_ref idref="oc-69"/>
      </symbol>
      <symbol id="sm-3da">
         <name>__TI_dtors_ptr</name>
         <value>0x200000e8</value>
         <object_component_ref idref="oc-ac"/>
      </symbol>
      <symbol id="sm-3db">
         <name>__TI_cleanup_ptr</name>
         <value>0x200000e4</value>
         <object_component_ref idref="oc-ac"/>
      </symbol>
      <symbol id="sm-3dc">
         <name>__TI_enable_exit_profile_output</name>
         <value>0x200000ec</value>
         <object_component_ref idref="oc-ac"/>
      </symbol>
      <symbol id="sm-3f7">
         <name>memcpy</name>
         <value>0x21f5</value>
         <object_component_ref idref="oc-2c"/>
      </symbol>
      <symbol id="sm-3f8">
         <name>__aeabi_memcpy</name>
         <value>0x21f5</value>
         <object_component_ref idref="oc-2c"/>
      </symbol>
      <symbol id="sm-3f9">
         <name>__aeabi_memcpy8</name>
         <value>0x21f5</value>
         <object_component_ref idref="oc-2c"/>
      </symbol>
      <symbol id="sm-3fa">
         <name>__aeabi_memcpy4</name>
         <value>0x21f5</value>
         <object_component_ref idref="oc-2c"/>
      </symbol>
      <symbol id="sm-409">
         <name>__aeabi_memset</name>
         <value>0x2293</value>
         <object_component_ref idref="oc-45"/>
      </symbol>
      <symbol id="sm-40a">
         <name>memset</name>
         <value>0x2299</value>
         <object_component_ref idref="oc-45"/>
      </symbol>
      <symbol id="sm-40b">
         <name>__aeabi_memset8</name>
         <value>0x2293</value>
         <object_component_ref idref="oc-45"/>
      </symbol>
      <symbol id="sm-40c">
         <name>__aeabi_memset4</name>
         <value>0x2293</value>
         <object_component_ref idref="oc-45"/>
      </symbol>
      <symbol id="sm-40d">
         <name>__aeabi_memclr8</name>
         <value>0x2291</value>
         <object_component_ref idref="oc-45"/>
      </symbol>
      <symbol id="sm-40e">
         <name>__aeabi_memclr4</name>
         <value>0x2291</value>
         <object_component_ref idref="oc-45"/>
      </symbol>
      <symbol id="sm-40f">
         <name>__aeabi_memclr</name>
         <value>0x2291</value>
         <object_component_ref idref="oc-45"/>
      </symbol>
      <symbol id="sm-419">
         <name>__mpu_init</name>
         <value>0x230b</value>
         <object_component_ref idref="oc-51"/>
      </symbol>
      <symbol id="sm-423">
         <name>_system_pre_init</name>
         <value>0x25b9</value>
         <object_component_ref idref="oc-57"/>
      </symbol>
      <symbol id="sm-42b">
         <name>main_func_sp</name>
         <value>0x200000f8</value>
         <object_component_ref idref="oc-6f"/>
      </symbol>
      <symbol id="sm-439">
         <name>strlen</name>
         <value>0x2571</value>
         <object_component_ref idref="oc-c4"/>
      </symbol>
      <symbol id="sm-452">
         <name>_nop</name>
         <value>0x256b</value>
         <object_component_ref idref="oc-fa"/>
      </symbol>
      <symbol id="sm-453">
         <name>_lock</name>
         <value>0x200000f0</value>
         <object_component_ref idref="oc-af"/>
      </symbol>
      <symbol id="sm-454">
         <name>_unlock</name>
         <value>0x200000f4</value>
         <object_component_ref idref="oc-af"/>
      </symbol>
      <symbol id="sm-455">
         <name>_register_lock</name>
         <value>0x2563</value>
         <object_component_ref idref="oc-fa"/>
      </symbol>
      <symbol id="sm-456">
         <name>_register_unlock</name>
         <value>0x255d</value>
         <object_component_ref idref="oc-fa"/>
      </symbol>
      <symbol id="sm-46a">
         <name>_args_main</name>
         <value>0x2545</value>
         <object_component_ref idref="oc-63"/>
      </symbol>
      <symbol id="sm-48f">
         <name>__TI_auto_init</name>
         <value>0x230d</value>
         <object_component_ref idref="oc-5d"/>
      </symbol>
      <symbol id="sm-4a9">
         <name>copy_in</name>
         <value>0x2491</value>
         <object_component_ref idref="oc-9c"/>
      </symbol>
      <symbol id="sm-4b3">
         <name>_system_post_cinit</name>
         <value>0x23e7</value>
         <object_component_ref idref="oc-a2"/>
      </symbol>
      <symbol id="sm-4b4">
         <name>__TI_static_base__</name>
         <value>0x0</value>
      </symbol>
      <symbol id="sm-4b7">
         <name>SHT$$INIT_ARRAY$$Limit</name>
         <value>0x0</value>
      </symbol>
      <symbol id="sm-4b8">
         <name>SHT$$INIT_ARRAY$$Base</name>
         <value>0x0</value>
      </symbol>
   </symbol_table>
   <title>Link successful</title>
</link_info>
